Array
(
    [notice] => Array
        (
            [0] => string
            [1] => array:1 [
  "a" => 1
]
            [2] => another string
        )

)
