Array
(
    [info] => Array
        (
            [0] => test
        )

)
