Array
(
    [info] => Array
        (
            [0] => array:2 [
  "a" => 1
  "b" => 2
]
        )

)
