Array
(
    [info] => Array
        (
            [0] => test
            [1] => test2
        )

)
