Array
(
    [info] => Array
        (
            [0] => select * from "users" where "id" = ?
        )

)
