Array
(
    [info] => Array
        (
            [0] => we are in the third iteration
        )

)
