Array
(
    [info] => Array
        (
            [0] => select "id" from "users
        )

)
